/home/runner/work/vizsgaremek/vizsgaremek/backend/src/main/java/org/sellhelp/backend/BackendApplication.java
/home/runner/work/vizsgaremek/vizsgaremek/backend/src/main/java/org/sellhelp/backend/configurations/AsyncConfig.java
/home/runner/work/vizsgaremek/vizsgaremek/backend/src/main/java/org/sellhelp/backend/configurations/JacksonConfig.java
/home/runner/work/vizsgaremek/vizsgaremek/backend/src/main/java/org/sellhelp/backend/configurations/ModelMapperConfig.java
/home/runner/work/vizsgaremek/vizsgaremek/backend/src/main/java/org/sellhelp/backend/configurations/S3Config.java
/home/runner/work/vizsgaremek/vizsgaremek/backend/src/main/java/org/sellhelp/backend/configurations/SecurityConfig.java
/home/runner/work/vizsgaremek/vizsgaremek/backend/src/main/java/org/sellhelp/backend/controllers/AuthController.java
/home/runner/work/vizsgaremek/vizsgaremek/backend/src/main/java/org/sellhelp/backend/controllers/PostController.java
/home/runner/work/vizsgaremek/vizsgaremek/backend/src/main/java/org/sellhelp/backend/controllers/PostFileController.java
/home/runner/work/vizsgaremek/vizsgaremek/backend/src/main/java/org/sellhelp/backend/controllers/S3Controller.java
/home/runner/work/vizsgaremek/vizsgaremek/backend/src/main/java/org/sellhelp/backend/controllers/SuperUserController.java
/home/runner/work/vizsgaremek/vizsgaremek/backend/src/main/java/org/sellhelp/backend/controllers/TestRepoController.java
/home/runner/work/vizsgaremek/vizsgaremek/backend/src/main/java/org/sellhelp/backend/controllers/UserController.java
/home/runner/work/vizsgaremek/vizsgaremek/backend/src/main/java/org/sellhelp/backend/controllers/UserFilesController.java
/home/runner/work/vizsgaremek/vizsgaremek/backend/src/main/java/org/sellhelp/backend/dtos/requests/ChangePostStatusDTO.java
/home/runner/work/vizsgaremek/vizsgaremek/backend/src/main/java/org/sellhelp/backend/dtos/requests/CreatePostDTO.java
/home/runner/work/vizsgaremek/vizsgaremek/backend/src/main/java/org/sellhelp/backend/dtos/requests/CreateUserDTO.java
/home/runner/work/vizsgaremek/vizsgaremek/backend/src/main/java/org/sellhelp/backend/dtos/requests/EmailUpdateDTO.java
/home/runner/work/vizsgaremek/vizsgaremek/backend/src/main/java/org/sellhelp/backend/dtos/requests/FirstTotpValidationDTO.java
/home/runner/work/vizsgaremek/vizsgaremek/backend/src/main/java/org/sellhelp/backend/dtos/requests/GoogleRegisterDTO.java
/home/runner/work/vizsgaremek/vizsgaremek/backend/src/main/java/org/sellhelp/backend/dtos/requests/LoginDTO.java
/home/runner/work/vizsgaremek/vizsgaremek/backend/src/main/java/org/sellhelp/backend/dtos/requests/PasswordUpdateDTO.java
/home/runner/work/vizsgaremek/vizsgaremek/backend/src/main/java/org/sellhelp/backend/dtos/requests/PostCommentDTO.java
/home/runner/work/vizsgaremek/vizsgaremek/backend/src/main/java/org/sellhelp/backend/dtos/requests/RefreshDTO.java
/home/runner/work/vizsgaremek/vizsgaremek/backend/src/main/java/org/sellhelp/backend/dtos/requests/RegisterDTO.java
/home/runner/work/vizsgaremek/vizsgaremek/backend/src/main/java/org/sellhelp/backend/dtos/requests/TotpCodeDTO.java
/home/runner/work/vizsgaremek/vizsgaremek/backend/src/main/java/org/sellhelp/backend/dtos/requests/UpdatePostDTO.java
/home/runner/work/vizsgaremek/vizsgaremek/backend/src/main/java/org/sellhelp/backend/dtos/requests/UserDetailsUpdateDTO.java
/home/runner/work/vizsgaremek/vizsgaremek/backend/src/main/java/org/sellhelp/backend/dtos/responses/FileDTO.java
/home/runner/work/vizsgaremek/vizsgaremek/backend/src/main/java/org/sellhelp/backend/dtos/responses/GeneralErrorDTO.java
/home/runner/work/vizsgaremek/vizsgaremek/backend/src/main/java/org/sellhelp/backend/dtos/responses/GenerateTotpDTO.java
/home/runner/work/vizsgaremek/vizsgaremek/backend/src/main/java/org/sellhelp/backend/dtos/responses/JobApplicationResponseDTO.java
/home/runner/work/vizsgaremek/vizsgaremek/backend/src/main/java/org/sellhelp/backend/dtos/responses/NotFoundErrorDTO.java
/home/runner/work/vizsgaremek/vizsgaremek/backend/src/main/java/org/sellhelp/backend/dtos/responses/OwnedPostResponseDTO.java
/home/runner/work/vizsgaremek/vizsgaremek/backend/src/main/java/org/sellhelp/backend/dtos/responses/PostCommentResponseDTO.java
/home/runner/work/vizsgaremek/vizsgaremek/backend/src/main/java/org/sellhelp/backend/dtos/responses/PostResponseDTO.java
/home/runner/work/vizsgaremek/vizsgaremek/backend/src/main/java/org/sellhelp/backend/dtos/responses/PostResponseInterface.java
/home/runner/work/vizsgaremek/vizsgaremek/backend/src/main/java/org/sellhelp/backend/dtos/responses/ProfilePictureDTO.java
/home/runner/work/vizsgaremek/vizsgaremek/backend/src/main/java/org/sellhelp/backend/dtos/responses/TempTokenDTO.java
/home/runner/work/vizsgaremek/vizsgaremek/backend/src/main/java/org/sellhelp/backend/dtos/responses/TokenDTO.java
/home/runner/work/vizsgaremek/vizsgaremek/backend/src/main/java/org/sellhelp/backend/dtos/responses/TotpSecretDTO.java
/home/runner/work/vizsgaremek/vizsgaremek/backend/src/main/java/org/sellhelp/backend/dtos/responses/UserDTO.java
/home/runner/work/vizsgaremek/vizsgaremek/backend/src/main/java/org/sellhelp/backend/dtos/responses/ValidationErrorsDTO.java
/home/runner/work/vizsgaremek/vizsgaremek/backend/src/main/java/org/sellhelp/backend/dtos/validationGroups/MinMaxGroup.java
/home/runner/work/vizsgaremek/vizsgaremek/backend/src/main/java/org/sellhelp/backend/dtos/validationGroups/NotBlankGroup.java
/home/runner/work/vizsgaremek/vizsgaremek/backend/src/main/java/org/sellhelp/backend/dtos/validationGroups/PastGroup.java
/home/runner/work/vizsgaremek/vizsgaremek/backend/src/main/java/org/sellhelp/backend/dtos/validationGroups/PatternGroup.java
/home/runner/work/vizsgaremek/vizsgaremek/backend/src/main/java/org/sellhelp/backend/dtos/validationGroups/SizeGroup.java
/home/runner/work/vizsgaremek/vizsgaremek/backend/src/main/java/org/sellhelp/backend/dtos/validationGroups/ValidationOrder.java
/home/runner/work/vizsgaremek/vizsgaremek/backend/src/main/java/org/sellhelp/backend/entities/Chat.java
/home/runner/work/vizsgaremek/vizsgaremek/backend/src/main/java/org/sellhelp/backend/entities/ChatFile.java
/home/runner/work/vizsgaremek/vizsgaremek/backend/src/main/java/org/sellhelp/backend/entities/ChatMessage.java
/home/runner/work/vizsgaremek/vizsgaremek/backend/src/main/java/org/sellhelp/backend/entities/City.java
/home/runner/work/vizsgaremek/vizsgaremek/backend/src/main/java/org/sellhelp/backend/entities/Comment.java
/home/runner/work/vizsgaremek/vizsgaremek/backend/src/main/java/org/sellhelp/backend/entities/County.java
/home/runner/work/vizsgaremek/vizsgaremek/backend/src/main/java/org/sellhelp/backend/entities/JobApplication.java
/home/runner/work/vizsgaremek/vizsgaremek/backend/src/main/java/org/sellhelp/backend/entities/Notification.java
/home/runner/work/vizsgaremek/vizsgaremek/backend/src/main/java/org/sellhelp/backend/entities/Post.java
/home/runner/work/vizsgaremek/vizsgaremek/backend/src/main/java/org/sellhelp/backend/entities/PostFile.java
/home/runner/work/vizsgaremek/vizsgaremek/backend/src/main/java/org/sellhelp/backend/entities/PostStatus.java
/home/runner/work/vizsgaremek/vizsgaremek/backend/src/main/java/org/sellhelp/backend/entities/Report.java
/home/runner/work/vizsgaremek/vizsgaremek/backend/src/main/java/org/sellhelp/backend/entities/ReportType.java
/home/runner/work/vizsgaremek/vizsgaremek/backend/src/main/java/org/sellhelp/backend/entities/Review.java
/home/runner/work/vizsgaremek/vizsgaremek/backend/src/main/java/org/sellhelp/backend/entities/ReviewFile.java
/home/runner/work/vizsgaremek/vizsgaremek/backend/src/main/java/org/sellhelp/backend/entities/Role.java
/home/runner/work/vizsgaremek/vizsgaremek/backend/src/main/java/org/sellhelp/backend/entities/User.java
/home/runner/work/vizsgaremek/vizsgaremek/backend/src/main/java/org/sellhelp/backend/entities/UserFile.java
/home/runner/work/vizsgaremek/vizsgaremek/backend/src/main/java/org/sellhelp/backend/entities/UserSecret.java
/home/runner/work/vizsgaremek/vizsgaremek/backend/src/main/java/org/sellhelp/backend/enums/AuthProvider.java
/home/runner/work/vizsgaremek/vizsgaremek/backend/src/main/java/org/sellhelp/backend/enums/UserRole.java
/home/runner/work/vizsgaremek/vizsgaremek/backend/src/main/java/org/sellhelp/backend/exceptions/CustomAccessDeniedHandler.java
/home/runner/work/vizsgaremek/vizsgaremek/backend/src/main/java/org/sellhelp/backend/exceptions/CustomAuthenticationEntryPoint.java
/home/runner/work/vizsgaremek/vizsgaremek/backend/src/main/java/org/sellhelp/backend/exceptions/CustomException.java
/home/runner/work/vizsgaremek/vizsgaremek/backend/src/main/java/org/sellhelp/backend/exceptions/EmailException.java
/home/runner/work/vizsgaremek/vizsgaremek/backend/src/main/java/org/sellhelp/backend/exceptions/GlobalExceptionHandler.java
/home/runner/work/vizsgaremek/vizsgaremek/backend/src/main/java/org/sellhelp/backend/exceptions/IncorrectUserRoleException.java
/home/runner/work/vizsgaremek/vizsgaremek/backend/src/main/java/org/sellhelp/backend/exceptions/InvalidPermissionException.java
/home/runner/work/vizsgaremek/vizsgaremek/backend/src/main/java/org/sellhelp/backend/exceptions/InvalidTokenException.java
/home/runner/work/vizsgaremek/vizsgaremek/backend/src/main/java/org/sellhelp/backend/exceptions/InvalidTotpException.java
/home/runner/work/vizsgaremek/vizsgaremek/backend/src/main/java/org/sellhelp/backend/exceptions/LoginCredentialsException.java
/home/runner/work/vizsgaremek/vizsgaremek/backend/src/main/java/org/sellhelp/backend/exceptions/MfaException.java
/home/runner/work/vizsgaremek/vizsgaremek/backend/src/main/java/org/sellhelp/backend/exceptions/UserAlreadyExistException.java
/home/runner/work/vizsgaremek/vizsgaremek/backend/src/main/java/org/sellhelp/backend/exceptions/UserBannedException.java
/home/runner/work/vizsgaremek/vizsgaremek/backend/src/main/java/org/sellhelp/backend/exceptions/UserNotFoundException.java
/home/runner/work/vizsgaremek/vizsgaremek/backend/src/main/java/org/sellhelp/backend/exceptions/WrongFileTypeException.java
/home/runner/work/vizsgaremek/vizsgaremek/backend/src/main/java/org/sellhelp/backend/repositories/ChatMessageRepository.java
/home/runner/work/vizsgaremek/vizsgaremek/backend/src/main/java/org/sellhelp/backend/repositories/ChatRepository.java
/home/runner/work/vizsgaremek/vizsgaremek/backend/src/main/java/org/sellhelp/backend/repositories/CityRepository.java
/home/runner/work/vizsgaremek/vizsgaremek/backend/src/main/java/org/sellhelp/backend/repositories/CommentRepository.java
/home/runner/work/vizsgaremek/vizsgaremek/backend/src/main/java/org/sellhelp/backend/repositories/JobApplicationRepository.java
/home/runner/work/vizsgaremek/vizsgaremek/backend/src/main/java/org/sellhelp/backend/repositories/NotificationRepository.java
/home/runner/work/vizsgaremek/vizsgaremek/backend/src/main/java/org/sellhelp/backend/repositories/PostFileRepository.java
/home/runner/work/vizsgaremek/vizsgaremek/backend/src/main/java/org/sellhelp/backend/repositories/PostRepository.java
/home/runner/work/vizsgaremek/vizsgaremek/backend/src/main/java/org/sellhelp/backend/repositories/PostStatusRepository.java
/home/runner/work/vizsgaremek/vizsgaremek/backend/src/main/java/org/sellhelp/backend/repositories/ReportRepository.java
/home/runner/work/vizsgaremek/vizsgaremek/backend/src/main/java/org/sellhelp/backend/repositories/ReportTypeRepository.java
/home/runner/work/vizsgaremek/vizsgaremek/backend/src/main/java/org/sellhelp/backend/repositories/ReviewRepository.java
/home/runner/work/vizsgaremek/vizsgaremek/backend/src/main/java/org/sellhelp/backend/repositories/RoleRepository.java
/home/runner/work/vizsgaremek/vizsgaremek/backend/src/main/java/org/sellhelp/backend/repositories/UserFileRepository.java
/home/runner/work/vizsgaremek/vizsgaremek/backend/src/main/java/org/sellhelp/backend/repositories/UserRepository.java
/home/runner/work/vizsgaremek/vizsgaremek/backend/src/main/java/org/sellhelp/backend/security/CookieGenerator.java
/home/runner/work/vizsgaremek/vizsgaremek/backend/src/main/java/org/sellhelp/backend/security/CurrentUser.java
/home/runner/work/vizsgaremek/vizsgaremek/backend/src/main/java/org/sellhelp/backend/security/FileTypeDetector.java
/home/runner/work/vizsgaremek/vizsgaremek/backend/src/main/java/org/sellhelp/backend/security/JWTFilter.java
/home/runner/work/vizsgaremek/vizsgaremek/backend/src/main/java/org/sellhelp/backend/security/JWTUtil.java
/home/runner/work/vizsgaremek/vizsgaremek/backend/src/main/java/org/sellhelp/backend/security/QrCodeUtil.java
/home/runner/work/vizsgaremek/vizsgaremek/backend/src/main/java/org/sellhelp/backend/security/UserAuthDetailService.java
/home/runner/work/vizsgaremek/vizsgaremek/backend/src/main/java/org/sellhelp/backend/security/UserAuthDetails.java
/home/runner/work/vizsgaremek/vizsgaremek/backend/src/main/java/org/sellhelp/backend/services/AuthService.java
/home/runner/work/vizsgaremek/vizsgaremek/backend/src/main/java/org/sellhelp/backend/services/EmailService.java
/home/runner/work/vizsgaremek/vizsgaremek/backend/src/main/java/org/sellhelp/backend/services/MfaService.java
/home/runner/work/vizsgaremek/vizsgaremek/backend/src/main/java/org/sellhelp/backend/services/PostFileService.java
/home/runner/work/vizsgaremek/vizsgaremek/backend/src/main/java/org/sellhelp/backend/services/PostService.java
/home/runner/work/vizsgaremek/vizsgaremek/backend/src/main/java/org/sellhelp/backend/services/QrCodeService.java
/home/runner/work/vizsgaremek/vizsgaremek/backend/src/main/java/org/sellhelp/backend/services/S3Service.java
/home/runner/work/vizsgaremek/vizsgaremek/backend/src/main/java/org/sellhelp/backend/services/SuperUserService.java
/home/runner/work/vizsgaremek/vizsgaremek/backend/src/main/java/org/sellhelp/backend/services/TempTokenService.java
/home/runner/work/vizsgaremek/vizsgaremek/backend/src/main/java/org/sellhelp/backend/services/TotpService.java
/home/runner/work/vizsgaremek/vizsgaremek/backend/src/main/java/org/sellhelp/backend/services/UserFileService.java
/home/runner/work/vizsgaremek/vizsgaremek/backend/src/main/java/org/sellhelp/backend/services/UserService.java
