org/sellhelp/backend/repositories/UserFileRepositoryTest.class
org/sellhelp/backend/repositories/ChatRepositoryTest.class
org/sellhelp/backend/repositories/ChatMessageRepositoryTest.class
org/sellhelp/backend/repositories/JobApplicationRepositoryTest.class
org/sellhelp/backend/services/UserFileServiceTest.class
org/sellhelp/backend/services/EmailServiceTest.class
org/sellhelp/backend/controllers/AuthControllerTest.class
org/sellhelp/backend/repositories/PostRepositoryTest.class
org/sellhelp/backend/controllers/UserControllerTest.class
org/sellhelp/backend/repositories/CityRepositoryTest.class
org/sellhelp/backend/repositories/NotificationRepositoryTest.class
org/sellhelp/backend/services/PostServiceTest.class
org/sellhelp/backend/services/UserServiceTest.class
org/sellhelp/backend/repositories/ReportRepositoryTest.class
org/sellhelp/backend/repositories/ReviewRepositoryTest.class
org/sellhelp/backend/services/EmailServiceTest$1.class
org/sellhelp/backend/controllers/SuperUserControllerTest.class
org/sellhelp/backend/repositories/RoleRepositoryTest.class
org/sellhelp/backend/services/MfaServiceTest.class
org/sellhelp/backend/controllers/UserFilesControllerTest.class
org/sellhelp/backend/repositories/UserRepositoryTest.class
org/sellhelp/backend/services/TempTokenServiceTest.class
org/sellhelp/backend/services/JwtUtilTest.class
org/sellhelp/backend/repositories/ReportTypeRepositoryTest.class
org/sellhelp/backend/repositories/CommentRepositoryTest.class
org/sellhelp/backend/services/SuperUserServiceTest.class
org/sellhelp/backend/services/AuthServiceTest.class
org/sellhelp/backend/repositories/PostStatusRepositoryTest.class
