/home/runner/work/vizsgaremek/vizsgaremek/backend/src/test/java/org/sellhelp/backend/controllers/AuthControllerTest.java
/home/runner/work/vizsgaremek/vizsgaremek/backend/src/test/java/org/sellhelp/backend/controllers/SuperUserControllerTest.java
/home/runner/work/vizsgaremek/vizsgaremek/backend/src/test/java/org/sellhelp/backend/controllers/UserControllerTest.java
/home/runner/work/vizsgaremek/vizsgaremek/backend/src/test/java/org/sellhelp/backend/controllers/UserFilesControllerTest.java
/home/runner/work/vizsgaremek/vizsgaremek/backend/src/test/java/org/sellhelp/backend/repositories/ChatMessageRepositoryTest.java
/home/runner/work/vizsgaremek/vizsgaremek/backend/src/test/java/org/sellhelp/backend/repositories/ChatRepositoryTest.java
/home/runner/work/vizsgaremek/vizsgaremek/backend/src/test/java/org/sellhelp/backend/repositories/CityRepositoryTest.java
/home/runner/work/vizsgaremek/vizsgaremek/backend/src/test/java/org/sellhelp/backend/repositories/CommentRepositoryTest.java
/home/runner/work/vizsgaremek/vizsgaremek/backend/src/test/java/org/sellhelp/backend/repositories/JobApplicationRepositoryTest.java
/home/runner/work/vizsgaremek/vizsgaremek/backend/src/test/java/org/sellhelp/backend/repositories/NotificationRepositoryTest.java
/home/runner/work/vizsgaremek/vizsgaremek/backend/src/test/java/org/sellhelp/backend/repositories/PostRepositoryTest.java
/home/runner/work/vizsgaremek/vizsgaremek/backend/src/test/java/org/sellhelp/backend/repositories/PostStatusRepositoryTest.java
/home/runner/work/vizsgaremek/vizsgaremek/backend/src/test/java/org/sellhelp/backend/repositories/ReportRepositoryTest.java
/home/runner/work/vizsgaremek/vizsgaremek/backend/src/test/java/org/sellhelp/backend/repositories/ReportTypeRepositoryTest.java
/home/runner/work/vizsgaremek/vizsgaremek/backend/src/test/java/org/sellhelp/backend/repositories/ReviewRepositoryTest.java
/home/runner/work/vizsgaremek/vizsgaremek/backend/src/test/java/org/sellhelp/backend/repositories/RoleRepositoryTest.java
/home/runner/work/vizsgaremek/vizsgaremek/backend/src/test/java/org/sellhelp/backend/repositories/UserFileRepositoryTest.java
/home/runner/work/vizsgaremek/vizsgaremek/backend/src/test/java/org/sellhelp/backend/repositories/UserRepositoryTest.java
/home/runner/work/vizsgaremek/vizsgaremek/backend/src/test/java/org/sellhelp/backend/services/AuthServiceTest.java
/home/runner/work/vizsgaremek/vizsgaremek/backend/src/test/java/org/sellhelp/backend/services/EmailServiceTest.java
/home/runner/work/vizsgaremek/vizsgaremek/backend/src/test/java/org/sellhelp/backend/services/JwtUtilTest.java
/home/runner/work/vizsgaremek/vizsgaremek/backend/src/test/java/org/sellhelp/backend/services/MfaServiceTest.java
/home/runner/work/vizsgaremek/vizsgaremek/backend/src/test/java/org/sellhelp/backend/services/PostServiceTest.java
/home/runner/work/vizsgaremek/vizsgaremek/backend/src/test/java/org/sellhelp/backend/services/SuperUserServiceTest.java
/home/runner/work/vizsgaremek/vizsgaremek/backend/src/test/java/org/sellhelp/backend/services/TempTokenServiceTest.java
/home/runner/work/vizsgaremek/vizsgaremek/backend/src/test/java/org/sellhelp/backend/services/UserFileServiceTest.java
/home/runner/work/vizsgaremek/vizsgaremek/backend/src/test/java/org/sellhelp/backend/services/UserServiceTest.java
