org/sellhelp/backend/entities/Report$ReportBuilder.class
org/sellhelp/backend/services/TotpService.class
org/sellhelp/backend/dtos/requests/PasswordUpdateDTO.class
org/sellhelp/backend/entities/Chat$ChatBuilder.class
org/sellhelp/backend/dtos/validationGroups/PatternGroup.class
org/sellhelp/backend/entities/City$CityBuilder.class
org/sellhelp/backend/repositories/PostRepository.class
org/sellhelp/backend/enums/AuthProvider.class
org/sellhelp/backend/dtos/requests/UserDetailsUpdateDTO.class
org/sellhelp/backend/dtos/responses/GeneralErrorDTO.class
org/sellhelp/backend/entities/ChatMessage.class
org/sellhelp/backend/exceptions/EmailException.class
org/sellhelp/backend/exceptions/UserAlreadyExistException.class
org/sellhelp/backend/dtos/requests/CreateUserDTO.class
org/sellhelp/backend/configurations/S3Config.class
org/sellhelp/backend/exceptions/CustomAccessDeniedHandler.class
org/sellhelp/backend/repositories/NotificationRepository.class
org/sellhelp/backend/dtos/requests/EmailUpdateDTO.class
org/sellhelp/backend/dtos/requests/RegisterDTO.class
org/sellhelp/backend/entities/Role$RoleBuilder.class
org/sellhelp/backend/dtos/requests/CreatePostDTO.class
org/sellhelp/backend/exceptions/CustomException.class
org/sellhelp/backend/repositories/ReportRepository.class
org/sellhelp/backend/exceptions/MfaException.class
org/sellhelp/backend/entities/ChatMessage$ChatMessageBuilder.class
org/sellhelp/backend/services/PostFileService.class
org/sellhelp/backend/security/JWTFilter.class
org/sellhelp/backend/services/MfaService.class
org/sellhelp/backend/dtos/requests/LoginDTO.class
org/sellhelp/backend/security/CookieGenerator.class
org/sellhelp/backend/repositories/ChatRepository.class
org/sellhelp/backend/repositories/ReportTypeRepository.class
org/sellhelp/backend/exceptions/InvalidTotpException.class
org/sellhelp/backend/dtos/responses/TempTokenDTO.class
org/sellhelp/backend/entities/User$UserBuilder.class
org/sellhelp/backend/dtos/responses/UserDTO.class
org/sellhelp/backend/dtos/validationGroups/SizeGroup.class
org/sellhelp/backend/controllers/S3Controller.class
org/sellhelp/backend/dtos/responses/TokenDTO.class
org/sellhelp/backend/entities/UserFile.class
org/sellhelp/backend/entities/User.class
org/sellhelp/backend/entities/ReviewFile.class
org/sellhelp/backend/services/TempTokenService.class
org/sellhelp/backend/dtos/responses/PostResponseDTO.class
org/sellhelp/backend/security/JWTUtil.class
org/sellhelp/backend/entities/County$CountyBuilder.class
org/sellhelp/backend/services/S3Service.class
org/sellhelp/backend/controllers/SuperUserController.class
org/sellhelp/backend/entities/Comment$CommentBuilder.class
org/sellhelp/backend/services/PostService.class
org/sellhelp/backend/entities/City.class
org/sellhelp/backend/services/AuthService.class
org/sellhelp/backend/repositories/JobApplicationRepository.class
org/sellhelp/backend/entities/ChatFile.class
org/sellhelp/backend/entities/ReportType.class
org/sellhelp/backend/entities/County.class
org/sellhelp/backend/entities/Role.class
org/sellhelp/backend/dtos/requests/UpdatePostDTO.class
org/sellhelp/backend/services/UserFileService.class
org/sellhelp/backend/services/QrCodeService.class
org/sellhelp/backend/enums/UserRole.class
org/sellhelp/backend/dtos/requests/FirstTotpValidationDTO.class
org/sellhelp/backend/entities/Post$PostBuilder.class
org/sellhelp/backend/controllers/PostFileController.class
org/sellhelp/backend/dtos/responses/JobApplicationResponseDTO.class
org/sellhelp/backend/dtos/requests/TotpCodeDTO.class
org/sellhelp/backend/repositories/CommentRepository.class
org/sellhelp/backend/entities/Review$ReviewBuilder.class
org/sellhelp/backend/controllers/UserFilesController.class
org/sellhelp/backend/dtos/requests/GoogleRegisterDTO.class
org/sellhelp/backend/dtos/requests/ChangePostStatusDTO.class
org/sellhelp/backend/configurations/ModelMapperConfig.class
org/sellhelp/backend/dtos/responses/ProfilePictureDTO.class
org/sellhelp/backend/services/EmailService.class
org/sellhelp/backend/repositories/ChatMessageRepository.class
org/sellhelp/backend/exceptions/InvalidTokenException.class
org/sellhelp/backend/dtos/responses/TotpSecretDTO.class
org/sellhelp/backend/entities/UserSecret.class
org/sellhelp/backend/dtos/responses/ValidationErrorsDTO.class
org/sellhelp/backend/controllers/AuthController.class
org/sellhelp/backend/entities/PostFile$PostFileBuilder.class
org/sellhelp/backend/entities/PostStatus$PostStatusBuilder.class
org/sellhelp/backend/entities/UserFile$UserFileBuilder.class
org/sellhelp/backend/dtos/responses/PostResponseInterface.class
org/sellhelp/backend/services/SuperUserService.class
org/sellhelp/backend/dtos/responses/FileDTO.class
org/sellhelp/backend/dtos/validationGroups/MinMaxGroup.class
org/sellhelp/backend/entities/Review.class
org/sellhelp/backend/exceptions/UserNotFoundException.class
org/sellhelp/backend/entities/Chat.class
org/sellhelp/backend/entities/UserSecret$UserSecretBuilder.class
org/sellhelp/backend/security/QrCodeUtil.class
org/sellhelp/backend/exceptions/WrongFileTypeException.class
org/sellhelp/backend/BackendApplication.class
org/sellhelp/backend/entities/ReviewFile$ReviewFileBuilder.class
org/sellhelp/backend/controllers/TestRepoController.class
org/sellhelp/backend/dtos/responses/OwnedPostResponseDTO.class
org/sellhelp/backend/configurations/JacksonConfig.class
org/sellhelp/backend/exceptions/InvalidPermissionException.class
org/sellhelp/backend/dtos/validationGroups/NotBlankGroup.class
org/sellhelp/backend/dtos/requests/PostCommentDTO.class
org/sellhelp/backend/entities/JobApplication.class
org/sellhelp/backend/repositories/UserRepository.class
org/sellhelp/backend/exceptions/GlobalExceptionHandler.class
org/sellhelp/backend/repositories/RoleRepository.class
org/sellhelp/backend/entities/Notification.class
org/sellhelp/backend/exceptions/UserBannedException.class
org/sellhelp/backend/entities/ChatFile$ChatFileBuilder.class
org/sellhelp/backend/dtos/responses/UserDTO$UserDTOBuilder.class
org/sellhelp/backend/controllers/PostController.class
org/sellhelp/backend/security/CurrentUser.class
org/sellhelp/backend/entities/Post.class
org/sellhelp/backend/repositories/PostFileRepository.class
org/sellhelp/backend/security/UserAuthDetails.class
org/sellhelp/backend/dtos/responses/GenerateTotpDTO.class
org/sellhelp/backend/controllers/UserController.class
org/sellhelp/backend/entities/Report.class
org/sellhelp/backend/exceptions/LoginCredentialsException.class
org/sellhelp/backend/exceptions/CustomAuthenticationEntryPoint.class
org/sellhelp/backend/security/FileTypeDetector.class
org/sellhelp/backend/entities/JobApplication$JobApplicationBuilder.class
org/sellhelp/backend/dtos/requests/RegisterDTO$RegisterDTOBuilder.class
org/sellhelp/backend/configurations/AsyncConfig.class
org/sellhelp/backend/repositories/ReviewRepository.class
org/sellhelp/backend/dtos/responses/NotFoundErrorDTO.class
org/sellhelp/backend/security/UserAuthDetailService.class
org/sellhelp/backend/repositories/CityRepository.class
org/sellhelp/backend/repositories/UserFileRepository.class
org/sellhelp/backend/entities/PostFile.class
org/sellhelp/backend/entities/ReportType$ReportTypeBuilder.class
org/sellhelp/backend/dtos/validationGroups/PastGroup.class
org/sellhelp/backend/entities/Notification$NotificationBuilder.class
org/sellhelp/backend/repositories/PostStatusRepository.class
org/sellhelp/backend/configurations/SecurityConfig.class
org/sellhelp/backend/dtos/validationGroups/ValidationOrder.class
org/sellhelp/backend/entities/Comment.class
org/sellhelp/backend/dtos/responses/PostCommentResponseDTO.class
org/sellhelp/backend/exceptions/IncorrectUserRoleException.class
org/sellhelp/backend/services/UserService.class
org/sellhelp/backend/entities/PostStatus.class
org/sellhelp/backend/dtos/requests/RefreshDTO.class
